Project 3
Configure/Setup Apache

1. Install/Start Apache
2. Configure Apache to serve web content from all home directories
3. Create "Hello World" page for 2 users
4. Startup Apache at boot
5. Configure Apache to run on port 8080
6. Start Apache not as root, but as a different user.
7. Start the HTTPD parent process as another user (not root) on port 80

http://www.tutorialspoint.com/articles/install-and-configure-apache-server-on-centos-7
http://www.liquidweb.com/kb/how-to-install-apache-on-centos-7/
https://www.unixmen.com/linux-basics-enable-apache-userdir-centos-7rhel-7/
https://wiki.apache.org/httpd/NonRootPortBinding
http://www.tutorialspoint.com/articles/install-and-configure-apache-server-on-centos-7


Answer 1: 
Install/Start Apache

$ sudo yum -y install httpd


Answer 2:
Configure Apache to serve web content from all home directories

First, enable Apache Userdirs. 

$ vi etc/httpd/conf.d/userdir.conf

Match the file to what is listened below.

<IfModule mod_userdir.c>
#
# UserDir is disabled by default since it can confirm the presence
# of a username on the system (depending on home directory
# permissions).
#
UserDir enabled unixmenuser
#
# To enable requests to /~user/ to serve the user's public_html
# directory, remove the "UserDir disabled" line above, and uncomment
# the following line instead:
#
UserDir public_html
</IfModule>
<Directory /home/*/public_html>
Options Indexes Includes FollowSymLinks
Require all granted
</Directory>

Next, restart apache

$ systemctl restart httpd.service


Answer 3:
Create "Hello World" page for 2 users

First, create a user

$ useradd user1

Then create a user's public_html and assign permissions.

$ mkdir /home/user1/public_html
$ chmod 711 /home/user1
$ chown user1:user1 /home/user1/public_html
$ chmod 755 /home/user1/public_html

Not sure what this does, but the documentation I used said to do this. 

***NEED TO LOOK UP***

$ setsebool -P httpd_enable_homedirs true
$ chcon -R -t httpd_sys_content_t /home/user1/public_html

Create page by editing index.html and change its permissions.

$ vi /home/user1/public_html/index.html
$ chmod 644 /home/user1/public_html/index.html

Visit page to confirm it is working.
http://192.168.33.102:8080/~user1/

It you want to edit the homepage.

$ vi /var/www/html/index.html


Answer #4. 
Startup Apache at boot

$ sudo systemctl enable httpd

To confirm run:

$ systemctl list-unit-files | grep httpd


Answer #5. 
Configure Apache to run on port 8080

$ vi /etc/httpd/conf/httpd.conf
add Listen 1.2.3.4:8080

To confirm:

$ netstat -anp | grep 8080


Answer #6.
Start Apache not as root, but as a different user.

This is just changing what apache will run the child process as after the parent process is run as root. 

$ vi /etc/httpd/conf/httpd.conf

Change with new user name

User mnguyen
Group mnguyen

To confirm:

$ ps -ef | grep -i httpd


Answer #7. 
Start the HTTPD parent process as another user (not root) on port 80

Configure Apache to run on port 80

$ vi /etc/httpd/conf/httpd.conf
add/uncomment Listen 1.2.3.4:80

To confirm:

$ netstat -anp | grep 80

Next change the permissions for these directories/files below:

$ chown -R apache /run/httpd
$ chown apache /etc/httpd/logs
$ chown apache /etc/httpd/logs/access_log /etc/httpd/logs/error_log
$ chown apache /var/log/httd

Then setcap:

$ setcap cap_net_bind_service=+ep /usr/sbin/httpd

Shut down apache

$ systemctl stop http

Sudo to the user you want to start apache with and run apache

$ sudo su - apache
$ /usr/sbin/httpd -DFOREGROUND

Confirm that apache is running not root

$ ps -ef | grep httpd

Next add user to systemd so that when apache starts using systemctl the parent process will started using that specific user

vi /usr/lib/systemd/system/httpd.service

User=apache

Another way is by using iptables

Use iptables to redirect port 80 to 8080

$ sudo iptables -A INPUT -i eth0 -p tcp --dport 80 -j ACCEPT
$ sudo iptables -A INPUT -i eth0 -p tcp --dport 8080 -j ACCEPT
$ sudo iptables -A PREROUTING -t nat -i eth0 -p tcp --dport 80 -j REDIRECT --to-port 8080
